RAM Allocation
Variable                                                          Address   Size
--------------------------------------------------------------------------------
Temp_Addrs                                                        0x0260       5
payload                                                           0x0265      33
rx_buffer                                                         0x0286     512
rx_wr_index                                                       0x0486       2
rx_rd_index                                                       0x0488       2
rx_counter                                                        0x048A       2
_seed                                                             0x048C       4

EEPROM Allocation
Variable                                                          Address   Size
--------------------------------------------------------------------------------

Register Allocation
Variable                                                          Register  Size
--------------------------------------------------------------------------------
Command_Reg                                                       R5           1
Status_Reg                                                        R4           1
State                                                             R7           1
Opr_Mode                                                          R6           1
send_actived                                                      R2.0      1bit
j                                                                 R8,R9        2
conter                                                            R10,R11      2
n                                                                 R13          1
t1_ovf_counter                                                    R12          1
